<testsuites id="" name="" tests="2" failures="0" skipped="0" errors="0" time="8.189403">
<testsuite name="hitl-review.e2e.ts" timestamp="2026-06-30T11:20:06.119Z" hostname="chromium" tests="1" failures="0" skipped="0" time="4.36" errors="0">
<testcase name="HITL Review Queue › User message triggers guardrail and requires review" classname="hitl-review.e2e.ts" time="4.36">
</testcase>
</testsuite>
<testsuite name="hitl-review.e2e.ts" timestamp="2026-06-30T11:20:06.119Z" hostname="mobile-chrome" tests="1" failures="0" skipped="0" time="4.307" errors="0">
<testcase name="HITL Review Queue › User message triggers guardrail and requires review" classname="hitl-review.e2e.ts" time="4.307">
</testcase>
</testsuite>
</testsuites>